  Videojuego Con Raylib.cpp
C:\Users\debra\Documentos\GUILLERMO PC\Videojuego-en-C-con-Raylib\Videojuego Con Raylib\Videojuego Con Raylib.cpp(119,16): warning C4244: 'initializing': conversion from 'float' to 'int', possible loss of data
C:\Users\debra\Documentos\GUILLERMO PC\Videojuego-en-C-con-Raylib\Videojuego Con Raylib\Videojuego Con Raylib.cpp(120,16): warning C4244: 'initializing': conversion from 'float' to 'int', possible loss of data
C:\Users\debra\Documentos\GUILLERMO PC\Videojuego-en-C-con-Raylib\Videojuego Con Raylib\Videojuego Con Raylib.cpp(121,14): warning C4244: 'initializing': conversion from 'float' to 'int', possible loss of data
C:\Users\debra\Documentos\GUILLERMO PC\Videojuego-en-C-con-Raylib\Videojuego Con Raylib\Videojuego Con Raylib.cpp(122,14): warning C4244: 'initializing': conversion from 'float' to 'int', possible loss of data
C:\Users\debra\Documentos\GUILLERMO PC\Videojuego-en-C-con-Raylib\Videojuego Con Raylib\Videojuego Con Raylib.cpp(152,49): warning C4244: '=': conversion from 'int' to 'float', possible loss of data
C:\Users\debra\Documentos\GUILLERMO PC\Videojuego-en-C-con-Raylib\Videojuego Con Raylib\Videojuego Con Raylib.cpp(187,21): warning C4244: 'initializing': conversion from 'int' to 'float', possible loss of data
C:\Users\debra\Documentos\GUILLERMO PC\Videojuego-en-C-con-Raylib\Videojuego Con Raylib\Videojuego Con Raylib.cpp(302,26): warning C4244: 'initializing': conversion from 'float' to 'int', possible loss of data
C:\Users\debra\Documentos\GUILLERMO PC\Videojuego-en-C-con-Raylib\Videojuego Con Raylib\Videojuego Con Raylib.cpp(303,26): warning C4244: 'initializing': conversion from 'float' to 'int', possible loss of data
C:\Users\debra\Documentos\GUILLERMO PC\Videojuego-en-C-con-Raylib\Videojuego Con Raylib\Videojuego Con Raylib.cpp(304,21): warning C4244: 'initializing': conversion from 'float' to 'int', possible loss of data
C:\Users\debra\Documentos\GUILLERMO PC\Videojuego-en-C-con-Raylib\Videojuego Con Raylib\Videojuego Con Raylib.cpp(305,21): warning C4244: 'initializing': conversion from 'float' to 'int', possible loss of data
C:\Users\debra\Documentos\GUILLERMO PC\Videojuego-en-C-con-Raylib\Videojuego Con Raylib\Videojuego Con Raylib.cpp(311,39): warning C4244: 'argument': conversion from 'float' to 'int', possible loss of data
C:\Users\debra\Documentos\GUILLERMO PC\Videojuego-en-C-con-Raylib\Videojuego Con Raylib\Videojuego Con Raylib.cpp(311,26): warning C4244: 'argument': conversion from 'float' to 'int', possible loss of data
C:\Users\debra\Documentos\GUILLERMO PC\Videojuego-en-C-con-Raylib\Videojuego Con Raylib\Videojuego Con Raylib.cpp(310,47): warning C4244: 'argument': conversion from 'float' to 'int', possible loss of data
C:\Users\debra\Documentos\GUILLERMO PC\Videojuego-en-C-con-Raylib\Videojuego Con Raylib\Videojuego Con Raylib.cpp(309,47): warning C4244: 'argument': conversion from 'float' to 'int', possible loss of data
C:\Users\debra\Documentos\GUILLERMO PC\Videojuego-en-C-con-Raylib\Videojuego Con Raylib\Videojuego Con Raylib.cpp(333,45): warning C4267: 'return': conversion from 'size_t' to 'int', possible loss of data
C:\Users\debra\Documentos\GUILLERMO PC\Videojuego-en-C-con-Raylib\Videojuego Con Raylib\Videojuego Con Raylib.cpp(444,28): warning C4244: 'initializing': conversion from 'float' to 'int', possible loss of data
C:\Users\debra\Documentos\GUILLERMO PC\Videojuego-en-C-con-Raylib\Videojuego Con Raylib\Videojuego Con Raylib.cpp(445,28): warning C4244: 'initializing': conversion from 'float' to 'int', possible loss of data
  Videojuego Con Raylib.vcxproj -> C:\Users\debra\Documentos\GUILLERMO PC\Videojuego-en-C-con-Raylib\x64\Debug\Videojuego Con Raylib.exe
  'pwsh.exe' is not recognized as an internal or external command,
  operable program or batch file.
